---
source: linter/src/rules/adding_primary_key_constraint.rs
expression: "check_sql(ok_sql, &[\"prefer-robust-stmts\".into()])"
---
Ok(
    [],
)
