---
source: linter/src/rules/disallow_unique_constraint.rs
expression: "check_sql(ignored_sql, &[\"prefer-robust-stmts\".into()])"
---
Ok(
    [],
)
